
Class4homework submission

Create a class4 homework folder (command: mkdir class4homework)
Create a Docker file (command: nano Dockerfile) in the class4homework folder and enter the following commands:

cce-fb105-11m:class4-homework f_siband$ nano Dockerfileclass4 

FROM ubuntu:latest

RUN apt-get update

RUN apt-get -y install python3

COPY class3-homework.py .

COPY wdbc.data .

CMD ["python3","-u","class3-homework.py"]

Build docker file image, call it any file name
cce-fb105-11m:class4-homework f_siband$ docker build -t class3-homeworkimage .

Output
=====


Sending build context to Docker daemon  136.7kB
Step 1/6 : FROM ubuntu:latest
 ---> d131e0fa2585
Step 2/6 : RUN apt-get update
 ---> Using cache
 ---> 3ff20466b033
Step 3/6 : RUN apt-get -y install python3
 ---> Using cache
 ---> eae44971474c
Step 4/6 : COPY class3-homework.py .
 ---> Using cache
 ---> 97afb4b44aa7
Step 5/6 : COPY wdbc.data .
 ---> 683d31ae0fff
Step 6/6 : CMD ["python3","-u","class3-homework.py"]
 ---> Running in 89989f06d148
Removing intermediate container 89989f06d148
 ---> 406658d0024e
Successfully built 406658d0024e
Successfully tagged class3-homeworkimage:latest

Run docker file image
cce-fb105-11m:class4-homework f_siband$ docker run class3-homeworkimage

Output (This is the output for the Python script)
======

I have a valid file!!!
[['92751,B,7.76,24.54,47.92,181,0.05263,0.04362,0,0,0.1587,0.05884,0.3857,1.428,2.548,19.15,0.007189,0.00466,0,0,0.02676,0.002783,9.456,30.37,59.16,268.6,0.08996,0.06444,0,0,0.2871,0.07039']]


Create a GIT repository
cce-fb105-11m:class4-homework f_siband$ git init

Output
======
Initialized empty Git repository in /Users/f_siband/Documents/class4-homework/.git/

==>Look at the contents of the folder:

cce-fb105-11m:class4-homework f_siband$ ls
Dockerfile		class3-homework.py	wdbc.data

==>Look at the contents to see the hidden Git repository file:

cce-fb105-11m:class4-homework f_siband$ ls -a
.			.DS_Store		Dockerfile		wdbc.data
..			.git			class3-homework.py

==>See the Git repository status:

cce-fb105-11m:class4-homework f_siband$ git status
On branch master

No commits yet

Untracked files:
  (use "git add <file>..." to include in what will be committed)

	.DS_Store
	Dockerfile
	class3-homework.py
	wdbc.data

nothing added to commit but untracked files present (use "git add" to track)

==> Add files to the Git repository staging area
cce-fb105-11m:class4-homework f_siband$ git add wdbc.data class3-homework.py Dockerfile .DS_Store

==> Check the Git status to see that the files are prefixed with the word new in staging area
cce-fb105-11m:class4-homework f_siband$ git status
On branch master

No commits yet

Changes to be committed:
  (use "git rm --cached <file>..." to unstage)

	new file:   .DS_Store
	new file:   Dockerfile
	new file:   class3-homework.py
	new file:   wdbc.data

==> Commit the file to the final repository destination
cce-fb105-11m:class4-homework f_siband$ git commit -m "Class4 Docker Repository"
[master (root-commit) 2988be0] Class4 Docker Repository
 Committer: Francina Sibong Sibanda <f_siband@cce-fb105-11m.concordia.ca>
Your name and email address were configured automatically based
on your username and hostname. Please check that they are accurate.
You can suppress this message by setting them explicitly. Run the
following command and follow the instructions in your editor to edit
your configuration file:

    git config --global --edit

After doing this, you may fix the identity used for this commit with:

    git commit --amend --reset-author

 4 files changed, 643 insertions(+)
 create mode 100644 .DS_Store
 create mode 100644 Dockerfile
 create mode 100644 class3-homework.py
 create mode 100644 wdbc.data

==> Check Git status to confirm that there is nothinginthe staging area

cce-fb105-11m:class4-homework f_siband$ git status
On branch master
nothing to commit, working tree clean

==> View the Git log
cce-fb105-11m:class4-homework f_siband$ git log
commit 2988be0542fdd8999cb4586b6a331ebf6a207895 (HEAD -> master)
Author: Francina Sibong Sibanda <f_siband@cce-fb105-11m.concordia.ca>
Date:   Fri May 10 19:35:08 2019 -0400

    Class4 Docker Repository

==> Add the remote repository from Github. Create Github repository in the web with the same name as this one and open the link for the read me file and license file on two separate tabs so you can update them later.

cce-fb105-11m:class4-homework f_siband$ git remote add origin https://github.com/Fsiban/class4-homework.git


cce-fb105-11m:class4-homework f_siband$ git remote -v
origin	https://github.com/Fsiban/class4-homework.git (fetch)
origin	https://github.com/Fsiban/class4-homework.git (push)

==> Push the updates to Github Master (on the Web)
cce-fb105-11m:class4-homework f_siband$ git push origin master
Counting objects: 6, done.
Delta compression using up to 8 threads.
Compressing objects: 100% (6/6), done.
Writing objects: 100% (6/6), 49.08 KiB | 6.13 MiB/s, done.
Total 6 (delta 0), reused 0 (delta 0)
To https://github.com/Fsiban/class4-homework.git
 * [new branch]      master -> master

==> update the read me and the license file.
